// Jest Snapshot v1, https://goo.gl/fbAQLP

exports[`PriceMovementMath #movePriceTowardsTarget gas  [ @skip-on-coverage ] swap one for zero exact in capped 1`] = `1622`;

exports[`PriceMovementMath #movePriceTowardsTarget gas  [ @skip-on-coverage ] swap one for zero exact in partial 1`] = `2352`;

exports[`PriceMovementMath #movePriceTowardsTarget gas  [ @skip-on-coverage ] swap one for zero exact out capped 1`] = `1413`;

exports[`PriceMovementMath #movePriceTowardsTarget gas  [ @skip-on-coverage ] swap one for zero exact out partial 1`] = `2352`;

exports[`PriceMovementMath #movePriceTowardsTarget gas  [ @skip-on-coverage ] swap zero for one exact in capped 1`] = `1653`;

exports[`PriceMovementMath #movePriceTowardsTarget gas  [ @skip-on-coverage ] swap zero for one exact in partial 1`] = `2637`;

exports[`PriceMovementMath #movePriceTowardsTarget gas  [ @skip-on-coverage ] swap zero for one exact out capped 1`] = `1444`;

exports[`PriceMovementMath #movePriceTowardsTarget gas  [ @skip-on-coverage ] swap zero for one exact out partial 1`] = `2637`;
