// Jest Snapshot v1, https://goo.gl/fbAQLP

exports[`TokenDeltaMath #getNewPriceAfterInput zeroToOne = false gas  [ @skip-on-coverage ] 1`] = `512`;

exports[`TokenDeltaMath #getNewPriceAfterInput zeroToOne = true gas  [ @skip-on-coverage ] 1`] = `659`;

exports[`TokenDeltaMath #getNewPriceAfterOutput zeroToOne = false gas  [ @skip-on-coverage ] 1`] = `718`;

exports[`TokenDeltaMath #getNewPriceAfterOutput zeroToOne = true gas  [ @skip-on-coverage ] 1`] = `434`;

exports[`TokenDeltaMath #getToken0Delta gas cost for amount0 where roundUp = true  [ @skip-on-coverage ] 1`] = `474`;

exports[`TokenDeltaMath #getToken0Delta gas cost for amount0 where roundUp = true  [ @skip-on-coverage ] 2`] = `418`;

exports[`TokenDeltaMath #getToken1Delta gas cost for amount0 where roundUp = false  [ @skip-on-coverage ] 1`] = `418`;

exports[`TokenDeltaMath #getToken1Delta gas cost for amount0 where roundUp = true  [ @skip-on-coverage ] 1`] = `474`;
