// Jest Snapshot v1, https://goo.gl/fbAQLP

exports[`UbeswapPool gas tests [ @skip-on-coverage ] fee is off #burn above current price burn entire position after some time passes 1`] = `112554`;

exports[`UbeswapPool gas tests [ @skip-on-coverage ] fee is off #burn above current price burn when only position using ticks 1`] = `112554`;

exports[`UbeswapPool gas tests [ @skip-on-coverage ] fee is off #burn above current price entire position burn but other positions are using the ticks 1`] = `113532`;

exports[`UbeswapPool gas tests [ @skip-on-coverage ] fee is off #burn above current price partial position burn 1`] = `118364`;

exports[`UbeswapPool gas tests [ @skip-on-coverage ] fee is off #burn around current price burn entire position after some time passes 1`] = `179606`;

exports[`UbeswapPool gas tests [ @skip-on-coverage ] fee is off #burn around current price burn when only position using ticks 1`] = `120860`;

exports[`UbeswapPool gas tests [ @skip-on-coverage ] fee is off #burn around current price entire position burn but other positions are using the ticks 1`] = `113514`;

exports[`UbeswapPool gas tests [ @skip-on-coverage ] fee is off #burn around current price partial position burn 1`] = `118346`;

exports[`UbeswapPool gas tests [ @skip-on-coverage ] fee is off #burn below current price burn entire position after some time passes 1`] = `121985`;

exports[`UbeswapPool gas tests [ @skip-on-coverage ] fee is off #burn below current price burn when only position using ticks 1`] = `121985`;

exports[`UbeswapPool gas tests [ @skip-on-coverage ] fee is off #burn below current price entire position burn but other positions are using the ticks 1`] = `114121`;

exports[`UbeswapPool gas tests [ @skip-on-coverage ] fee is off #burn below current price partial position burn 1`] = `118953`;

exports[`UbeswapPool gas tests [ @skip-on-coverage ] fee is off #collect close to worst case 1`] = `48665`;

exports[`UbeswapPool gas tests [ @skip-on-coverage ] fee is off #collect close to worst case, two tokens 1`] = `67064`;

exports[`UbeswapPool gas tests [ @skip-on-coverage ] fee is off #getInnerCumulatives tick above 1`] = `31138`;

exports[`UbeswapPool gas tests [ @skip-on-coverage ] fee is off #getInnerCumulatives tick below 1`] = `31106`;

exports[`UbeswapPool gas tests [ @skip-on-coverage ] fee is off #getInnerCumulatives tick inside 1`] = `55880`;

exports[`UbeswapPool gas tests [ @skip-on-coverage ] fee is off #mint above current price add to position after some time passes 1`] = `132111`;

exports[`UbeswapPool gas tests [ @skip-on-coverage ] fee is off #mint above current price add to position existing 1`] = `132111`;

exports[`UbeswapPool gas tests [ @skip-on-coverage ] fee is off #mint above current price new position mint first in range 1`] = `250973`;

exports[`UbeswapPool gas tests [ @skip-on-coverage ] fee is off #mint above current price second position in same range 1`] = `149211`;

exports[`UbeswapPool gas tests [ @skip-on-coverage ] fee is off #mint around current price add to position after some time passes 1`] = `233162`;

exports[`UbeswapPool gas tests [ @skip-on-coverage ] fee is off #mint around current price add to position existing 1`] = `158630`;

exports[`UbeswapPool gas tests [ @skip-on-coverage ] fee is off #mint around current price new position mint first in range 1`] = `415091`;

exports[`UbeswapPool gas tests [ @skip-on-coverage ] fee is off #mint around current price second position in same range 1`] = `175730`;

exports[`UbeswapPool gas tests [ @skip-on-coverage ] fee is off #mint below current price add to position after some time passes 1`] = `132551`;

exports[`UbeswapPool gas tests [ @skip-on-coverage ] fee is off #mint below current price add to position existing 1`] = `132551`;

exports[`UbeswapPool gas tests [ @skip-on-coverage ] fee is off #mint below current price new position mint first in range 1`] = `333747`;

exports[`UbeswapPool gas tests [ @skip-on-coverage ] fee is off #mint below current price second position in same range 1`] = `149651`;

exports[`UbeswapPool gas tests [ @skip-on-coverage ] fee is off #poke best case 1`] = `49148`;

exports[`UbeswapPool gas tests [ @skip-on-coverage ] fee is off #swapExact0For1 first swap in block moves tick, no initialized crossings 1`] = `199614`;

exports[`UbeswapPool gas tests [ @skip-on-coverage ] fee is off #swapExact0For1 first swap in block with no tick movement 1`] = `192975`;

exports[`UbeswapPool gas tests [ @skip-on-coverage ] fee is off #swapExact0For1 first swap in block, large swap crossing a single initialized tick 1`] = `226100`;

exports[`UbeswapPool gas tests [ @skip-on-coverage ] fee is off #swapExact0For1 first swap in block, large swap crossing several initialized ticks 1`] = `283954`;

exports[`UbeswapPool gas tests [ @skip-on-coverage ] fee is off #swapExact0For1 first swap in block, large swap, no initialized crossings 1`] = `212785`;

exports[`UbeswapPool gas tests [ @skip-on-coverage ] fee is off #swapExact0For1 large swap crossing several initialized ticks after some time passes 1`] = `283954`;

exports[`UbeswapPool gas tests [ @skip-on-coverage ] fee is off #swapExact0For1 large swap crossing several initialized ticks second time after some time passes 1`] = `303154`;

exports[`UbeswapPool gas tests [ @skip-on-coverage ] fee is off #swapExact0For1 second swap in block moves tick, no initialized crossings 1`] = `127991`;

exports[`UbeswapPool gas tests [ @skip-on-coverage ] fee is off #swapExact0For1 second swap in block with no tick movement 1`] = `121452`;

exports[`UbeswapPool gas tests [ @skip-on-coverage ] fee is off #swapExact0For1 second swap in block, large swap crossing a single initialized tick 1`] = `151048`;

exports[`UbeswapPool gas tests [ @skip-on-coverage ] fee is off #swapExact0For1 second swap in block, large swap crossing several initialized ticks 1`] = `209934`;

exports[`UbeswapPool gas tests [ @skip-on-coverage ] fee is off #swapExact0For1 several large swaps with pauses 1`] = `328938`;

exports[`UbeswapPool gas tests [ @skip-on-coverage ] fee is off #swapExact0For1 small swap after several large swaps with pauses 1`] = `219377`;

exports[`UbeswapPool gas tests [ @skip-on-coverage ] fee is on #burn above current price burn entire position after some time passes 1`] = `112554`;

exports[`UbeswapPool gas tests [ @skip-on-coverage ] fee is on #burn above current price burn when only position using ticks 1`] = `112554`;

exports[`UbeswapPool gas tests [ @skip-on-coverage ] fee is on #burn above current price entire position burn but other positions are using the ticks 1`] = `113532`;

exports[`UbeswapPool gas tests [ @skip-on-coverage ] fee is on #burn above current price partial position burn 1`] = `118364`;

exports[`UbeswapPool gas tests [ @skip-on-coverage ] fee is on #burn around current price burn entire position after some time passes 1`] = `179606`;

exports[`UbeswapPool gas tests [ @skip-on-coverage ] fee is on #burn around current price burn when only position using ticks 1`] = `120860`;

exports[`UbeswapPool gas tests [ @skip-on-coverage ] fee is on #burn around current price entire position burn but other positions are using the ticks 1`] = `113514`;

exports[`UbeswapPool gas tests [ @skip-on-coverage ] fee is on #burn around current price partial position burn 1`] = `118346`;

exports[`UbeswapPool gas tests [ @skip-on-coverage ] fee is on #burn below current price burn entire position after some time passes 1`] = `121985`;

exports[`UbeswapPool gas tests [ @skip-on-coverage ] fee is on #burn below current price burn when only position using ticks 1`] = `121985`;

exports[`UbeswapPool gas tests [ @skip-on-coverage ] fee is on #burn below current price entire position burn but other positions are using the ticks 1`] = `114121`;

exports[`UbeswapPool gas tests [ @skip-on-coverage ] fee is on #burn below current price partial position burn 1`] = `118953`;

exports[`UbeswapPool gas tests [ @skip-on-coverage ] fee is on #collect close to worst case 1`] = `48665`;

exports[`UbeswapPool gas tests [ @skip-on-coverage ] fee is on #collect close to worst case, two tokens 1`] = `67064`;

exports[`UbeswapPool gas tests [ @skip-on-coverage ] fee is on #getInnerCumulatives tick above 1`] = `31138`;

exports[`UbeswapPool gas tests [ @skip-on-coverage ] fee is on #getInnerCumulatives tick below 1`] = `31106`;

exports[`UbeswapPool gas tests [ @skip-on-coverage ] fee is on #getInnerCumulatives tick inside 1`] = `55880`;

exports[`UbeswapPool gas tests [ @skip-on-coverage ] fee is on #mint above current price add to position after some time passes 1`] = `132111`;

exports[`UbeswapPool gas tests [ @skip-on-coverage ] fee is on #mint above current price add to position existing 1`] = `132111`;

exports[`UbeswapPool gas tests [ @skip-on-coverage ] fee is on #mint above current price new position mint first in range 1`] = `250973`;

exports[`UbeswapPool gas tests [ @skip-on-coverage ] fee is on #mint above current price second position in same range 1`] = `149211`;

exports[`UbeswapPool gas tests [ @skip-on-coverage ] fee is on #mint around current price add to position after some time passes 1`] = `233162`;

exports[`UbeswapPool gas tests [ @skip-on-coverage ] fee is on #mint around current price add to position existing 1`] = `158630`;

exports[`UbeswapPool gas tests [ @skip-on-coverage ] fee is on #mint around current price new position mint first in range 1`] = `415091`;

exports[`UbeswapPool gas tests [ @skip-on-coverage ] fee is on #mint around current price second position in same range 1`] = `175730`;

exports[`UbeswapPool gas tests [ @skip-on-coverage ] fee is on #mint below current price add to position after some time passes 1`] = `132551`;

exports[`UbeswapPool gas tests [ @skip-on-coverage ] fee is on #mint below current price add to position existing 1`] = `132551`;

exports[`UbeswapPool gas tests [ @skip-on-coverage ] fee is on #mint below current price new position mint first in range 1`] = `333747`;

exports[`UbeswapPool gas tests [ @skip-on-coverage ] fee is on #mint below current price second position in same range 1`] = `149651`;

exports[`UbeswapPool gas tests [ @skip-on-coverage ] fee is on #poke best case 1`] = `49148`;

exports[`UbeswapPool gas tests [ @skip-on-coverage ] fee is on #swapExact0For1 first swap in block moves tick, no initialized crossings 1`] = `214753`;

exports[`UbeswapPool gas tests [ @skip-on-coverage ] fee is on #swapExact0For1 first swap in block with no tick movement 1`] = `207855`;

exports[`UbeswapPool gas tests [ @skip-on-coverage ] fee is on #swapExact0For1 first swap in block, large swap crossing a single initialized tick 1`] = `241498`;

exports[`UbeswapPool gas tests [ @skip-on-coverage ] fee is on #swapExact0For1 first swap in block, large swap crossing several initialized ticks 1`] = `300129`;

exports[`UbeswapPool gas tests [ @skip-on-coverage ] fee is on #swapExact0For1 first swap in block, large swap, no initialized crossings 1`] = `228442`;

exports[`UbeswapPool gas tests [ @skip-on-coverage ] fee is on #swapExact0For1 large swap crossing several initialized ticks after some time passes 1`] = `300129`;

exports[`UbeswapPool gas tests [ @skip-on-coverage ] fee is on #swapExact0For1 large swap crossing several initialized ticks second time after some time passes 1`] = `319329`;

exports[`UbeswapPool gas tests [ @skip-on-coverage ] fee is on #swapExact0For1 second swap in block moves tick, no initialized crossings 1`] = `143130`;

exports[`UbeswapPool gas tests [ @skip-on-coverage ] fee is on #swapExact0For1 second swap in block with no tick movement 1`] = `136332`;

exports[`UbeswapPool gas tests [ @skip-on-coverage ] fee is on #swapExact0For1 second swap in block, large swap crossing a single initialized tick 1`] = `166187`;

exports[`UbeswapPool gas tests [ @skip-on-coverage ] fee is on #swapExact0For1 second swap in block, large swap crossing several initialized ticks 1`] = `225850`;

exports[`UbeswapPool gas tests [ @skip-on-coverage ] fee is on #swapExact0For1 several large swaps with pauses 1`] = `345113`;

exports[`UbeswapPool gas tests [ @skip-on-coverage ] fee is on #swapExact0For1 small swap after several large swaps with pauses 1`] = `219636`;
