// Jest Snapshot v1, https://goo.gl/fbAQLP

exports[`UbeswapFactory #createPool gas [ @skip-on-coverage ] 1`] = `10125566`;

exports[`UbeswapFactory factory bytecode size  [ @skip-on-coverage ] 1`] = `23164`;

exports[`UbeswapFactory pool bytecode size  [ @skip-on-coverage ] 1`] = `33173`;
